This is XeTeX, Version 3.141592653-2.6-0.999997 (TeX Live 2025) (preloaded format=xelatex)
 restricted \write18 enabled.
entering extended mode
(./Writing_Sample_10p.tex
LaTeX2e <2025-06-01> patch level 1
L3 programming layer <2025-08-13>
(d:/texlive/2025/texmf-dist/tex/latex/base/article.cls
Document Class: article 2025/01/22 v1.4n Standard LaTeX document class
(d:/texlive/2025/texmf-dist/tex/latex/base/size12.clo))
(d:/texlive/2025/texmf-dist/tex/latex/amsmath/amsmath.sty
For additional information on amsmath, use the `?' option.
(d:/texlive/2025/texmf-dist/tex/latex/amsmath/amstext.sty
(d:/texlive/2025/texmf-dist/tex/latex/amsmath/amsgen.sty))
(d:/texlive/2025/texmf-dist/tex/latex/amsmath/amsbsy.sty)
(d:/texlive/2025/texmf-dist/tex/latex/amsmath/amsopn.sty))
(d:/texlive/2025/texmf-dist/tex/latex/amsfonts/amssymb.sty
(d:/texlive/2025/texmf-dist/tex/latex/amsfonts/amsfonts.sty))
(d:/texlive/2025/texmf-dist/tex/latex/booktabs/booktabs.sty)
(d:/texlive/2025/texmf-dist/tex/latex/threeparttable/threeparttable.sty)
(d:/texlive/2025/texmf-dist/tex/latex/graphics/graphicx.sty
(d:/texlive/2025/texmf-dist/tex/latex/graphics/keyval.sty)
(d:/texlive/2025/texmf-dist/tex/latex/graphics/graphics.sty
(d:/texlive/2025/texmf-dist/tex/latex/graphics/trig.sty)
(d:/texlive/2025/texmf-dist/tex/latex/graphics-cfg/graphics.cfg)
(d:/texlive/2025/texmf-dist/tex/latex/graphics-def/xetex.def)))
(d:/texlive/2025/texmf-dist/tex/latex/geometry/geometry.sty
(d:/texlive/2025/texmf-dist/tex/generic/iftex/ifvtex.sty
(d:/texlive/2025/texmf-dist/tex/generic/iftex/iftex.sty)))
(d:/texlive/2025/texmf-dist/tex/latex/natbib/natbib.sty)
(d:/texlive/2025/texmf-dist/tex/latex/l3backend/l3backend-xetex.def)
No file Writing_Sample_10p.aux.
*geometry* driver: auto-detecting
*geometry* detected driver: xetex
(d:/texlive/2025/texmf-dist/tex/latex/amsfonts/umsa.fd)
(d:/texlive/2025/texmf-dist/tex/latex/amsfonts/umsb.fd)

Package natbib Warning: Citation `Bordalo2018' on page 1 undefined on input lin
e 16.


Package natbib Warning: Citation `Muth1961' on page 1 undefined on input line 2
0.


[1]

Package natbib Warning: Citation `Baker2016' on page 2 undefined on input line 
22.


Package natbib Warning: Citation `Bordalo2018' on page 2 undefined on input lin
e 22.


Package natbib Warning: Citation `Kahneman1972' on page 2 undefined on input li
ne 24.


Package natbib Warning: Citation `Muth1961' on page 2 undefined on input line 2
6.


Package natbib Warning: Citation `Bordalo2018' on page 2 undefined on input lin
e 26.


Package natbib Warning: Citation `Carlson1975' on page 2 undefined on input lin
e 28.


[2]

Package natbib Warning: Citation `Uhlig2005' on page 3 undefined on input line 
32.


[3]

LaTeX Warning: Reference `sec:lit' on page 4 undefined on input line 38.


LaTeX Warning: Reference `sec:data' on page 4 undefined on input line 38.


LaTeX Warning: Reference `sec:methods' on page 4 undefined on input line 38.


LaTeX Warning: Reference `sec:results_ssm' on page 4 undefined on input line 38
.


LaTeX Warning: Reference `sec:results_bvar' on page 4 undefined on input line 3
8.


LaTeX Warning: Reference `sec:discussion' on page 4 undefined on input line 38.



LaTeX Warning: Reference `sec:conclusion' on page 4 undefined on input line 38.



Package natbib Warning: Citation `Lucas1972' on page 4 undefined on input line 
42.


Package natbib Warning: Citation `Muth1961' on page 4 undefined on input line 4
2.


Package natbib Warning: Citation `Shiller2000' on page 4 undefined on input lin
e 44.


Package natbib Warning: Citation `Akerlof2009' on page 4 undefined on input lin
e 44.


Package natbib Warning: Citation `Gennaioli2010' on page 4 undefined on input l
ine 44.


Package natbib Warning: Citation `Bordalo2018' on page 4 undefined on input lin
e 46.


[4]

Package natbib Warning: Citation `Mankiw2002' on page 5 undefined on input line
 48.


Package natbib Warning: Citation `Sims2003' on page 5 undefined on input line 4
8.


Package natbib Warning: Citation `Bordalo2020' on page 5 undefined on input lin
e 50.


Package natbib Warning: Citation `Baker2016' on page 5 undefined on input line 
53.


Package natbib Warning: Citation `Bernanke1983' on page 5 undefined on input li
ne 53.


Package natbib Warning: Citation `Bloom2009' on page 5 undefined on input line 
53.


Package natbib Warning: Citation `Basu2017' on page 5 undefined on input line 5
3.


Package natbib Warning: Citation `Oh2020' on page 5 undefined on input line 53.



[5]

Package natbib Warning: Citation `Carroll2003' on page 6 undefined on input lin
e 55.


Package natbib Warning: Citation `Shiller2017' on page 6 undefined on input lin
e 55.


Package natbib Warning: Citation `Caldara2022' on page 6 undefined on input lin
e 57.


Package natbib Warning: Citation `Malmendier2016' on page 6 undefined on input 
line 59.


[6]

Package natbib Warning: Citation `Bordalo2018' on page 7 undefined on input lin
e 66.


Package natbib Warning: Citation `Bordalo2018' on page 7 undefined on input lin
e 66.


LaTeX Warning: Reference `sec:data' on page 7 undefined on input line 70.


LaTeX Warning: Reference `tab:fe_fr' on page 7 undefined on input line 70.


[7]

Package natbib Warning: Citation `Uhlig2005' on page 8 undefined on input line 
77.


[8]
[9]

Package natbib Warning: Citation `Carlson1975' on page 10 undefined on input li
ne 94.


LaTeX Warning: Reference `fig:prior_sens' on page 10 undefined on input line 11
7.


[10]

Package natbib Warning: Citation `BruineDeBruin2010' on page 11 undefined on in
put line 121.


[11]

Package natbib Warning: Citation `Baker2016' on page 12 undefined on input line
 127.


Package natbib Warning: Citation `Caldara2022' on page 12 undefined on input li
ne 128.


[12]

LaTeX Warning: Reference `tab:desc_stats' on page 13 undefined on input line 13
7.


LaTeX Warning: Reference `tab:fe_fr' on page 13 undefined on input line 146.


[13]
[14]

LaTeX Warning: Reference `eq:state' on page 15 undefined on input line 213.


[15]
[16]

Package natbib Warning: Citation `Litterman1986' on page 17 undefined on input 
line 257.


[17]
[18]
[19]
Overfull \hbox (4.93524pt too wide) in paragraph at lines 292--292
[]\TU/lmr/bx/n/17.28 Results: Time-Varying Parameter State-Space Model 

LaTeX Warning: Reference `fig:beta_path' on page 20 undefined on input line 296
.


[20]
[21]
